mage: initialize
Frame	 1
Color	Radius	Angle	Distance
YELLOW	 20	 0	 0
BLUE	 5	 0	 50
WHITE	 2	 0	 65
RED	 1	 0	 73
Frame	 2
Color	Radius	Angle	Distance
YELLOW	 20	 0	 0
BLUE	 5	 1	 50
WHITE	 2	 1	 65
RED	 1	 2	 73
Frame	 3
Color	Radius	Angle	Distance
YELLOW	 20	 0	 0
BLUE	 5	 2	 50
WHITE	 2	 3	 65
RED	 1	 4	 73
Frame	 4
Color	Radius	Angle	Distance
YELLOW	 20	 0	 0
BLUE	 5	 3	 50
WHITE	 2	 4	 65
RED	 1	 6	 73
Frame	 5
Color	Radius	Angle	Distance
YELLOW	 20	 0	 0
BLUE	 5	 5	 50
WHITE	 2	 6	 65
RED	 1	 8	 73
Frame	 6
Color	Radius	Angle	Distance
YELLOW	 20	 0	 0
BLUE	 5	 6	 50
WHITE	 2	 7	 65
RED	 1	 9	 72
Frame	 7
Color	Radius	Angle	Distance
YELLOW	 20	 0	 0
BLUE	 5	 7	 50
WHITE	 2	 8	 65
RED	 1	 11	 72
Frame	 8
Color	Radius	Angle	Distance
YELLOW	 20	 0	 0
BLUE	 5	 8	 50
WHITE	 2	 10	 65
RED	 1	 13	 72
Frame	 9
Color	Radius	Angle	Distance
YELLOW	 20	 0	 0
BLUE	 5	 9	 50
WHITE	 2	 11	 65
RED	 1	 15	 72
Frame	 10
Color	Radius	Angle	Distance
YELLOW	 20	 0	 0
BLUE	 5	 10	 50
WHITE	 2	 13	 65
RED	 1	 17	 71
Frame	 11
Color	Radius	Angle	Distance
YELLOW	 20	 0	 0
BLUE	 5	 11	 50
WHITE	 2	 14	 65
RED	 1	 19	 71
Frame	 12
Color	Radius	Angle	Distance
YELLOW	 20	 0	 0
BLUE	 5	 13	 50
WHITE	 2	 16	 65
RED	 1	 20	 70
Frame	 13
Color	Radius	Angle	Distance
YELLOW	 20	 0	 0
BLUE	 5	 14	 50
WHITE	 2	 17	 65
RED	 1	 22	 70
Frame	 14
Color	Radius	Angle	Distance
YELLOW	 20	 0	 0
BLUE	 5	 15	 50
WHITE	 2	 18	 65
RED	 1	 24	 69
Frame	 15
Color	Radius	Angle	Distance
YELLOW	 20	 0	 0
BLUE	 5	 16	 50
WHITE	 2	 20	 65
RED	 1	 26	 69
Frame	 16
Color	Radius	Angle	Distance
YELLOW	 20	 0	 0
BLUE	 5	 17	 50
WHITE	 2	 21	 64
RED	 1	 27	 68
Frame	 17
Color	Radius	Angle	Distance
YELLOW	 20	 0	 0
