mage: initialize
Frame	 1
Color	Radius	Angle	Distance
YELLOW	 20	 225	 42
BLUE	 5	 304	 36
YELLOW	 20	 45	 71
ORANGE	 10	 279	 14
Frame	 2
Color	Radius	Angle	Distance
YELLOW	 20	 225	 42
BLUE	 5	 305	 35
YELLOW	 20	 45	 71
ORANGE	 10	 281	 15
Frame	 3
Color	Radius	Angle	Distance
YELLOW	 20	 225	 42
BLUE	 5	 305	 34
YELLOW	 20	 45	 71
ORANGE	 10	 283	 15
Frame	 4
Color	Radius	Angle	Distance
YELLOW	 20	 225	 42
BLUE	 5	 306	 34
YELLOW	 20	 45	 71
ORANGE	 10	 285	 16
Frame	 5
Color	Radius	Angle	Distance
YELLOW	 20	 225	 42
BLUE	 5	 307	 33
YELLOW	 20	 45	 71
ORANGE	 10	 286	 17
Frame	 6
Color	Radius	Angle	Distance
YELLOW	 20	 225	 42
BLUE	 5	 308	 32
YELLOW	 20	 45	 71
ORANGE	 10	 288	 17
Frame	 7
Color	Radius	Angle	Distance
YELLOW	 20	 225	 42
BLUE	 5	 309	 31
YELLOW	 20	 45	 71
ORANGE	 10	 290	 18
Frame	 8
Color	Radius	Angle	Distance
YELLOW	 20	 225	 42
BLUE	 5	 310	 30
YELLOW	 20	 45	 71
ORANGE	 10	 291	 19
Frame	 9
Color	Radius	Angle	Distance
YELLOW	 20	 225	 42
BLUE	 5	 311	 29
YELLOW	 20	 45	 71
ORANGE	 10	 293	 19
Frame	 10
Color	Radius	Angle	Distance
YELLOW	 20	 225	 42
BLUE	 5	 312	 28
YELLOW	 20	 45	 71
ORANGE	 10	 294	 20
Frame	 11
Color	Radius	Angle	Distance
YELLOW	 20	 225	 42
BLUE	 5	 313	 28
YELLOW	 20	 45	 71
ORANGE	 10	 295	 21
Frame	 12
Color	Radius	Angle	Distance
YELLOW	 20	 225	 42
BLUE	 5	 315	 27
YELLOW	 20	 45	 71
ORANGE	 10	 296	 21
Frame	 13
Color	Radius	Angle	Distance
YELLOW	 20	 225	 42
BLUE	 5	 316	 26
YELLOW	 20	 45	 71
ORANGE	 10	 298	 22
Frame	 14
Color	Radius	Angle	Distance
YELLOW	 20	 225	 42
BLUE	 5	 317	 25
YELLOW	 20	 45	 71
ORANGE	 10	 299	 23
Frame	 15
Color	Radius	Angle	Distance
YELLOW	 20	 225	 42
BLUE	 5	 318	 24
YELLOW	 20	 45	 71
ORANGE	 10	 300	 23
Frame	 16
Color	Radius	Angle	Distance
YELLOW	 20	 225	 42
BLUE	 5	 319	 23
YELLOW	 20	 45	 71
ORANGE	 10	 301	 24
Frame	 17
Color	Radius	Angle	Distance
YELLOW	 20	 225	 42
