mage: initialize
Frame	 1
Color	Radius	Angle	Distance
RED	 20	 63	 4
Frame	 2
Color	Radius	Angle	Distance
RED	 20	 63	 9
Frame	 3
Color	Radius	Angle	Distance
RED	 20	 63	 13
Frame	 4
Color	Radius	Angle	Distance
RED	 20	 63	 18
Frame	 5
Color	Radius	Angle	Distance
RED	 20	 63	 22
Frame	 6
Color	Radius	Angle	Distance
RED	 20	 63	 27
Frame	 7
Color	Radius	Angle	Distance
RED	 20	 63	 31
Frame	 8
Color	Radius	Angle	Distance
RED	 20	 63	 36
Frame	 9
Color	Radius	Angle	Distance
RED	 20	 63	 40
Frame	 10
Color	Radius	Angle	Distance
RED	 20	 63	 45
Frame	 11
Color	Radius	Angle	Distance
RED	 20	 63	 49
Frame	 12
Color	Radius	Angle	Distance
RED	 20	 63	 54
Frame	 13
Color	Radius	Angle	Distance
RED	 20	 63	 58
Frame	 14
Color	Radius	Angle	Distance
RED	 20	 63	 63
Frame	 15
Color	Radius	Angle	Distance
RED	 20	 63	 67
Frame	 16
Color	Radius	Angle	Distance
RED	 20	 63	 72
Frame	 17
Color	Radius	Angle	Distance
RED	 20	 63	 76
Frame	 18
Color	Radius	Angle	Distance
RED	 20	 63	 80
Frame	 19
Color	Radius	Angle	Distance
RED	 20	 63	 85
Frame	 20
Color	Radius	Angle	Distance
RED	 20	 63	 89
Frame	 21
Color	Radius	Angle	Distance
RED	 20	 63	 94
Frame	 22
Color	Radius	Angle	Distance
RED	 20	 63	 98
Frame	 23
Color	Radius	Angle	Distance
RED	 20	 63	 103
Frame	 24
Color	Radius	Angle	Distance
RED	 20	 63	 107
Frame	 25
Color	Radius	Angle	Distance
RED	 20	 63	 112
Frame	 26
Color	Radius	Angle	Distance
RED	 20	 63	 116
Frame	 27
Color	Radius	Angle	Distance
RED	 20	 63	 121
Frame	 28
Color	Radius	Angle	Distance
RED	 20	 63	 125
Frame	 29
Color	Radius	Angle	Distance
RED	 20	 63	 130
Frame	 30
Color	Radius	Angle	Distance
RED	 20	 63	 134
Frame	 31
Color	Radius	Angle	Distance
RED	 20	 63	 139
Frame	 32
Color	Radius	Angle	Distance
RED	 20	 63	 143
Frame	 33
Color	Radius	Angle	Distance
RED	 20	 63	 148
