mage: initialize
Frame	 1
Color	Radius	Angle	Distance
YELLOW	 20	 0	 0
BLUE	 5	 0	 50
WHITE	 2	 0	 65
RED	 1	 0	 58
YELLOW	 1	 0	 80
GREEN	 1	 0	 80
CYAN	 1	 0	 70
Frame	 2
Color	Radius	Angle	Distance
YELLOW	 20	 0	 0
BLUE	 5	 1	 50
WHITE	 2	 1	 65
RED	 1	 2	 58
YELLOW	 1	 3	 80
GREEN	 1	 1	 80
CYAN	 1	 1	 70
Frame	 3
Color	Radius	Angle	Distance
YELLOW	 20	 0	 0
BLUE	 5	 2	 50
WHITE	 2	 3	 65
RED	 1	 4	 58
YELLOW	 1	 6	 80
GREEN	 1	 3	 80
CYAN	 1	 2	 70
Frame	 4
Color	Radius	Angle	Distance
YELLOW	 20	 0	 0
BLUE	 5	 3	 50
WHITE	 2	 4	 65
RED	 1	 5	 58
YELLOW	 1	 9	 80
GREEN	 1	 4	 80
CYAN	 1	 2	 70
Frame	 5
Color	Radius	Angle	Distance
YELLOW	 20	 0	 0
BLUE	 5	 5	 50
WHITE	 2	 6	 65
RED	 1	 7	 58
YELLOW	 1	 11	 80
GREEN	 1	 6	 80
CYAN	 1	 3	 70
Frame	 6
Color	Radius	Angle	Distance
YELLOW	 20	 0	 0
BLUE	 5	 6	 50
WHITE	 2	 7	 65
RED	 1	 9	 57
YELLOW	 1	 14	 80
GREEN	 1	 7	 80
CYAN	 1	 4	 70
Frame	 7
Color	Radius	Angle	Distance
YELLOW	 20	 0	 0
BLUE	 5	 7	 50
WHITE	 2	 8	 65
RED	 1	 11	 57
YELLOW	 1	 17	 80
GREEN	 1	 9	 79
CYAN	 1	 5	 71
Frame	 8
Color	Radius	Angle	Distance
YELLOW	 20	 0	 0
BLUE	 5	 8	 50
WHITE	 2	 10	 65
RED	 1	 12	 57
YELLOW	 1	 20	 80
GREEN	 1	 10	 79
CYAN	 1	 6	 71
Frame	 9
Color	Radius	Angle	Distance
YELLOW	 20	 0	 0
BLUE	 5	 9	 50
WHITE	 2	 11	 65
RED	 1	 14	 57
YELLOW	 1	 23	 80
GREEN	 1	 11	 79
CYAN	 1	 7	 71
Frame	 10
Color	Radius	Angle	Distance
YELLOW	 20	 0	 0
BLUE	 5	 10	 50
WHITE	 2	 13	 65
RED	 1	 16	 56
YELLOW	 1	 26	 80
GREEN	 1	 13	 79
CYAN	 1	 8	 71
Frame	 11
Color	Radius	Angle	Distance
YELLOW	 20	 0	 0
BLUE	 5	 11	 50
WHITE	 2	 14	 65
RED	 1	 17	 56
YELLOW	 1	 29	 80
GREEN	 1	 14	 79
CYAN	 1	 9	 72
