mage: initialize
Frame	 1
Color	Radius	Angle	Distance
YELLOW	 20	 0	 0
BLUE	 5	 1	 50
WHITE	 2	 1	 65
RED	 1	 2	 58
YELLOW	 1	 3	 80
GREEN	 1	 180	 80
YELLOW	 1	 359	 75
Frame	 2
Color	Radius	Angle	Distance
YELLOW	 20	 0	 0
BLUE	 5	 2	 50
WHITE	 2	 3	 65
RED	 1	 4	 58
YELLOW	 1	 6	 80
GREEN	 1	 359	 80
YELLOW	 1	 358	 75
Frame	 3
Color	Radius	Angle	Distance
YELLOW	 20	 0	 0
BLUE	 5	 3	 50
WHITE	 2	 4	 65
RED	 1	 5	 58
YELLOW	 1	 9	 80
GREEN	 1	 358	 80
YELLOW	 1	 357	 75
Frame	 4
Color	Radius	Angle	Distance
YELLOW	 20	 0	 0
BLUE	 5	 5	 50
WHITE	 2	 6	 65
RED	 1	 7	 58
YELLOW	 1	 11	 80
GREEN	 1	 357	 79
YELLOW	 1	 355	 75
Frame	 5
Color	Radius	Angle	Distance
YELLOW	 20	 0	 0
BLUE	 5	 6	 50
WHITE	 2	 7	 65
RED	 1	 9	 57
YELLOW	 1	 14	 80
GREEN	 1	 356	 79
YELLOW	 1	 354	 75
Frame	 6
Color	Radius	Angle	Distance
YELLOW	 20	 0	 0
BLUE	 5	 7	 50
WHITE	 2	 8	 65
RED	 1	 11	 57
YELLOW	 1	 17	 80
GREEN	 1	 356	 79
YELLOW	 1	 353	 75
Frame	 7
Color	Radius	Angle	Distance
YELLOW	 20	 0	 0
BLUE	 5	 8	 50
WHITE	 2	 10	 65
RED	 1	 12	 57
YELLOW	 1	 20	 80
GREEN	 1	 355	 78
YELLOW	 1	 352	 75
Frame	 8
Color	Radius	Angle	Distance
YELLOW	 20	 0	 0
BLUE	 5	 9	 50
WHITE	 2	 11	 65
RED	 1	 14	 57
YELLOW	 1	 23	 80
GREEN	 1	 354	 78
YELLOW	 1	 351	 75
Frame	 9
Color	Radius	Angle	Distance
YELLOW	 20	 0	 0
BLUE	 5	 10	 50
WHITE	 2	 13	 65
RED	 1	 16	 56
YELLOW	 1	 26	 80
GREEN	 1	 353	 77
YELLOW	 1	 350	 75
Frame	 10
Color	Radius	Angle	Distance
YELLOW	 20	 0	 0
BLUE	 5	 11	 50
WHITE	 2	 14	 65
RED	 1	 17	 56
YELLOW	 1	 29	 80
GREEN	 1	 352	 77
YELLOW	 1	 349	 75
Frame	 11
Color	Radius	Angle	Distance
YELLOW	 20	 0	 0
BLUE	 5	 13	 50
WHITE	 2	 16	 65
RED	 1	 19	 55
YELLOW	 1	 32	 80
GREEN	 1	 351	 76
YELLOW	 1	 347	 75
